# Result for minSup = 2
# Format: itemId ItemId ItemId\tsupport
# 
# 1-FIs
1	2
2	2
4	3
5	3
6	3
8	3
9	3
# 2-FIs
1 6	2
1 8	2
1 9	2
2 4	2
2 5	2
4 5	3
4 6	2
4 8	2
4 9	2
5 6	2
5 8	2
5 9	2
6 8	3
6 9	3
8 9	3
# 3-FIs
1 6 8	2
1 6 9	2
1 8 9	2
2 4 5	2
4 5 6	2
4 5 8	2
4 5 9	2
4 6 8	2
4 6 9	2
4 8 9	2
5 6 8	2
5 6 9	2
5 8 9	2
6 8 9	3
# 4-FIs
1 6 8 9	2
4 5 6 8	2
4 5 6 9	2
4 5 8 9	2
4 6 8 9	2
5 6 8 9	2
# 5-FIs
4 5 6 8 9	2
